// Jest Snapshot v1, https://goo.gl/fbAQLP

exports[`hello jest 1`] = `
<div>
  <h1>
    template
  </h1>
  <button
    onClick={[Function]}
  >
    change language
  </button>
</div>
`;
